Jul 21 19:06:53 X0NixOSLaptop systemd[1]: Starting Display Manager...
Jul 21 19:06:53 X0NixOSLaptop systemd[1]: Started Display Manager.
Jul 21 19:06:53 X0NixOSLaptop sddm[1412]: Initializing...
Jul 21 19:06:53 X0NixOSLaptop sddm[1412]: Starting...
Jul 21 19:06:53 X0NixOSLaptop sddm[1412]: Logind interface found
Jul 21 19:06:54 X0NixOSLaptop sddm[1412]: Adding new display...
Jul 21 19:06:54 X0NixOSLaptop sddm[1412]: Loaded empty theme configuration
Jul 21 19:06:54 X0NixOSLaptop sddm[1412]: Xauthority path: "/run/sddm/xauth_CaqpmR"
Jul 21 19:06:54 X0NixOSLaptop sddm[1412]: Using VT 2
Jul 21 19:06:54 X0NixOSLaptop sddm[1412]: Display server starting...
Jul 21 19:06:54 X0NixOSLaptop sddm[1412]: Writing cookie to "/run/sddm/xauth_CaqpmR"
Jul 21 19:06:54 X0NixOSLaptop sddm[1412]: Running: /nix/store/hy55ifpxp3762k6a1nzvp1kxfj1j71lz-xserver-wrapper -nolisten tcp -background none -seat seat0 vt2 -auth /run/sddm/xauth_CaqpmR -noreset -displayfd 16
Jul 21 19:06:54 X0NixOSLaptop xserver-wrapper[1415]: X.Org X Server 1.21.1.18
Jul 21 19:06:54 X0NixOSLaptop xserver-wrapper[1415]: X Protocol Version 11, Revision 0
Jul 21 19:06:54 X0NixOSLaptop xserver-wrapper[1415]: Current Operating System: Linux X0NixOSLaptop 6.15.7 #1-NixOS SMP PREEMPT_DYNAMIC Thu Jul 17 16:44:05 UTC 2025 x86_64
Jul 21 19:06:54 X0NixOSLaptop xserver-wrapper[1415]: Kernel command line: initrd=\EFI\nixos\gw9prk496zw99v8gbyng8m9qhm5fw656-initrd-linux-6.15.7-initrd.efi init=/nix/store/hdsxgyhdpyflzlsf1vx4y35pany49vhb-nixos-system-X0NixOSLaptop-25.11.20250719.c87b95e/init loglevel=4 lsm=landlock,yama,bpf
Jul 21 19:06:54 X0NixOSLaptop xserver-wrapper[1415]:  
Jul 21 19:06:54 X0NixOSLaptop xserver-wrapper[1415]: Current version of pixman: 0.46.2
Jul 21 19:06:54 X0NixOSLaptop xserver-wrapper[1415]:         Before reporting problems, check http://wiki.x.org
Jul 21 19:06:54 X0NixOSLaptop xserver-wrapper[1415]:         to make sure that you have the latest version.
Jul 21 19:06:54 X0NixOSLaptop xserver-wrapper[1415]: Markers: (--) probed, (**) from config file, (==) default setting,
Jul 21 19:06:54 X0NixOSLaptop xserver-wrapper[1415]:         (++) from command line, (!!) notice, (II) informational,
Jul 21 19:06:54 X0NixOSLaptop xserver-wrapper[1415]:         (WW) warning, (EE) error, (NI) not implemented, (??) unknown.
Jul 21 19:06:54 X0NixOSLaptop xserver-wrapper[1415]: (++) Log file: "/dev/null", Time: Mon Jul 21 19:06:54 2025
Jul 21 19:06:54 X0NixOSLaptop xserver-wrapper[1415]: (++) Using config file: "/nix/store/4vfn5bclq2wfd2ls0wj96r87i9n85qpi-xserver.conf"
Jul 21 19:06:54 X0NixOSLaptop xserver-wrapper[1415]: (==) Using config directory: "/etc/X11/xorg.conf.d"
Jul 21 19:06:54 X0NixOSLaptop xserver-wrapper[1415]: (==) Using system config directory "/nix/store/vpwqd2q5y5azvjbjfxfh5g1dgcrs93vw-xorg-server-21.1.18/share/X11/xorg.conf.d"
Jul 21 19:06:54 X0NixOSLaptop xserver-wrapper[1415]: (==) ServerLayout "Layout[all]"
Jul 21 19:06:54 X0NixOSLaptop xserver-wrapper[1415]: (**) |-->Screen "Screen-modesetting[0]" (0)
Jul 21 19:06:54 X0NixOSLaptop xserver-wrapper[1415]: (**) |   |-->Monitor "<default monitor>"
Jul 21 19:06:54 X0NixOSLaptop xserver-wrapper[1415]: (**) |   |-->Device "Device-modesetting[0]"
Jul 21 19:06:54 X0NixOSLaptop xserver-wrapper[1415]: (==) No monitor specified for screen "Screen-modesetting[0]".
Jul 21 19:06:54 X0NixOSLaptop xserver-wrapper[1415]:         Using a default monitor configuration.
Jul 21 19:06:54 X0NixOSLaptop xserver-wrapper[1415]: (**) |-->Screen "Screen-fbdev[0]" (1)
Jul 21 19:06:54 X0NixOSLaptop xserver-wrapper[1415]: (**) |   |-->Monitor "<default monitor>"
Jul 21 19:06:54 X0NixOSLaptop xserver-wrapper[1415]: (**) |   |-->Device "Device-fbdev[0]"
Jul 21 19:06:54 X0NixOSLaptop xserver-wrapper[1415]: (==) No monitor specified for screen "Screen-fbdev[0]".
Jul 21 19:06:54 X0NixOSLaptop xserver-wrapper[1415]:         Using a default monitor configuration.
Jul 21 19:06:54 X0NixOSLaptop xserver-wrapper[1415]: (**) Option "DontZap" "on"
Jul 21 19:06:54 X0NixOSLaptop xserver-wrapper[1415]: (**) Option "AllowMouseOpenFail" "on"
Jul 21 19:06:54 X0NixOSLaptop xserver-wrapper[1415]: (**) Allowing byte-swapped clients
Jul 21 19:06:54 X0NixOSLaptop xserver-wrapper[1415]: (==) Automatically adding devices
Jul 21 19:06:54 X0NixOSLaptop xserver-wrapper[1415]: (==) Automatically enabling devices
Jul 21 19:06:54 X0NixOSLaptop xserver-wrapper[1415]: (==) Automatically adding GPU devices
Jul 21 19:06:54 X0NixOSLaptop xserver-wrapper[1415]: (==) Automatically binding GPU devices
Jul 21 19:06:54 X0NixOSLaptop xserver-wrapper[1415]: (==) Max clients allowed: 256, resource mask: 0x1fffff
Jul 21 19:06:54 X0NixOSLaptop xserver-wrapper[1415]: (**) FontPath set to:
Jul 21 19:06:54 X0NixOSLaptop xserver-wrapper[1415]:         /nix/store/iddmiv2c1imkndi0ip06nvmga30hcmaw-font-cursor-misc-1.0.4/lib/X11/fonts/misc,
Jul 21 19:06:54 X0NixOSLaptop xserver-wrapper[1415]:         /nix/store/5ma9jcrzxiij3c2pzg68hmgx74kcs603-font-misc-misc-1.1.3/lib/X11/fonts/misc,
Jul 21 19:06:54 X0NixOSLaptop xserver-wrapper[1415]:         /nix/store/czg9xacbmxi8jf7whm8v6qax6wp1w44c-unifont-16.0.03/share/fonts,
Jul 21 19:06:54 X0NixOSLaptop xserver-wrapper[1415]:         /nix/store/1l6wayym7w43dsnm2mlikjpy6rg4m4w6-font-adobe-100dpi-1.0.4/lib/X11/fonts/100dpi,
Jul 21 19:06:54 X0NixOSLaptop xserver-wrapper[1415]:         /nix/store/0vnbp5rc2g32haln2rp522h9hs1kdqgq-font-adobe-75dpi-1.0.4/lib/X11/fonts/75dpi
Jul 21 19:06:54 X0NixOSLaptop xserver-wrapper[1415]: (**) ModulePath set to "/nix/store/bnz25gwh9l9xjcprw5qgk298mr4dvgg4-xf86-video-fbdev-0.5.1/lib/xorg/modules,/nix/store/vpwqd2q5y5azvjbjfxfh5g1dgcrs93vw-xorg-server-21.1.18/lib/xorg/modules,/nix/store/mjnqyy0yzwh6jibx89ywplsjc8h9gj8r-xf86-input-evdev-2.11.0/lib/xorg/modules,/nix/store/w3h2d0qqb27ljqw54li79q9ig00sq7x8-xf86-input-libinput-1.5.0/lib/xorg/modules"
Jul 21 19:06:54 X0NixOSLaptop xserver-wrapper[1415]: (II) The server relies on udev to provide the list of input devices.
Jul 21 19:06:54 X0NixOSLaptop xserver-wrapper[1415]:         If no devices become available, reconfigure udev or disable AutoAddDevices.
Jul 21 19:06:54 X0NixOSLaptop xserver-wrapper[1415]: (II) Loader magic: 0x654e40
Jul 21 19:06:54 X0NixOSLaptop xserver-wrapper[1415]: (II) Module ABI versions:
Jul 21 19:06:54 X0NixOSLaptop xserver-wrapper[1415]:         X.Org ANSI C Emulation: 0.4
Jul 21 19:06:54 X0NixOSLaptop xserver-wrapper[1415]:         X.Org Video Driver: 25.2
Jul 21 19:06:54 X0NixOSLaptop xserver-wrapper[1415]:         X.Org XInput driver : 24.4
Jul 21 19:06:54 X0NixOSLaptop xserver-wrapper[1415]:         X.Org Server Extension : 10.0
Jul 21 19:06:54 X0NixOSLaptop xserver-wrapper[1415]: (++) using VT number 2
Jul 21 19:06:54 X0NixOSLaptop xserver-wrapper[1415]: (II) systemd-logind: logind integration requires -keeptty and -keeptty was not provided, disabling logind integration
Jul 21 19:06:54 X0NixOSLaptop xserver-wrapper[1415]: (II) xfree86: Adding drm device (/dev/dri/card1)
Jul 21 19:06:54 X0NixOSLaptop xserver-wrapper[1415]: (II) Platform probe for /sys/devices/pci0000:00/0000:00:02.0/drm/card1
Jul 21 19:06:54 X0NixOSLaptop xserver-wrapper[1415]: (--) PCI:*(0@0:2:0) 8086:7d55:1043:3698 rev 8, Mem @ 0x4a20000000/16777216, 0x4210000000/268435456, BIOS @ 0x????????/131072
Jul 21 19:06:54 X0NixOSLaptop xserver-wrapper[1415]: (--) PCI: (1@0:0:0) 10de:25ac:1043:3698 rev 161, Mem @ 0x86000000/16777216, 0x4000000000/8589934592, 0x4200000000/33554432, I/O @ 0x00004000/128, BIOS @ 0x????????/524288
Jul 21 19:06:54 X0NixOSLaptop xserver-wrapper[1415]: (II) Open ACPI successful (/var/run/acpid.socket)
Jul 21 19:06:54 X0NixOSLaptop xserver-wrapper[1415]: (II) "glx" will be loaded by default.
Jul 21 19:06:54 X0NixOSLaptop xserver-wrapper[1415]: (II) LoadModule: "glx"
Jul 21 19:06:54 X0NixOSLaptop xserver-wrapper[1415]: (II) Loading /nix/store/vpwqd2q5y5azvjbjfxfh5g1dgcrs93vw-xorg-server-21.1.18/lib/xorg/modules/extensions/libglx.so
Jul 21 19:06:54 X0NixOSLaptop xserver-wrapper[1415]: (II) Module glx: vendor="X.Org Foundation"
Jul 21 19:06:54 X0NixOSLaptop xserver-wrapper[1415]:         compiled for 1.21.1.18, module version = 1.0.0
Jul 21 19:06:54 X0NixOSLaptop xserver-wrapper[1415]:         ABI class: X.Org Server Extension, version 10.0
Jul 21 19:06:54 X0NixOSLaptop xserver-wrapper[1415]: (II) LoadModule: "modesetting"
Jul 21 19:06:54 X0NixOSLaptop xserver-wrapper[1415]: (II) Loading /nix/store/vpwqd2q5y5azvjbjfxfh5g1dgcrs93vw-xorg-server-21.1.18/lib/xorg/modules/drivers/modesetting_drv.so
Jul 21 19:06:54 X0NixOSLaptop xserver-wrapper[1415]: (II) Module modesetting: vendor="X.Org Foundation"
Jul 21 19:06:54 X0NixOSLaptop xserver-wrapper[1415]:         compiled for 1.21.1.18, module version = 1.21.1
Jul 21 19:06:54 X0NixOSLaptop xserver-wrapper[1415]:         Module class: X.Org Video Driver
Jul 21 19:06:54 X0NixOSLaptop xserver-wrapper[1415]:         ABI class: X.Org Video Driver, version 25.2
Jul 21 19:06:54 X0NixOSLaptop xserver-wrapper[1415]: (II) LoadModule: "fbdev"
Jul 21 19:06:54 X0NixOSLaptop xserver-wrapper[1415]: (II) Loading /nix/store/bnz25gwh9l9xjcprw5qgk298mr4dvgg4-xf86-video-fbdev-0.5.1/lib/xorg/modules/drivers/fbdev_drv.so
Jul 21 19:06:54 X0NixOSLaptop xserver-wrapper[1415]: (II) Module fbdev: vendor="X.Org Foundation"
Jul 21 19:06:54 X0NixOSLaptop xserver-wrapper[1415]:         compiled for 1.21.1.18, module version = 0.5.1
Jul 21 19:06:54 X0NixOSLaptop xserver-wrapper[1415]:         Module class: X.Org Video Driver
Jul 21 19:06:54 X0NixOSLaptop xserver-wrapper[1415]:         ABI class: X.Org Video Driver, version 25.2
Jul 21 19:06:54 X0NixOSLaptop xserver-wrapper[1415]: (II) modesetting: Driver for Modesetting Kernel Drivers: kms
Jul 21 19:06:54 X0NixOSLaptop xserver-wrapper[1415]: (II) FBDEV: driver for framebuffer: fbdev
Jul 21 19:06:54 X0NixOSLaptop xserver-wrapper[1415]: (II) modeset(0): using drv /dev/dri/card1
Jul 21 19:06:54 X0NixOSLaptop xserver-wrapper[1415]: (WW) Falling back to old probe method for fbdev
Jul 21 19:06:54 X0NixOSLaptop xserver-wrapper[1415]: (II) Loading sub module "fbdevhw"
Jul 21 19:06:54 X0NixOSLaptop xserver-wrapper[1415]: (II) LoadModule: "fbdevhw"
Jul 21 19:06:54 X0NixOSLaptop xserver-wrapper[1415]: (II) Loading /nix/store/vpwqd2q5y5azvjbjfxfh5g1dgcrs93vw-xorg-server-21.1.18/lib/xorg/modules/libfbdevhw.so
Jul 21 19:06:54 X0NixOSLaptop xserver-wrapper[1415]: (II) Module fbdevhw: vendor="X.Org Foundation"
Jul 21 19:06:54 X0NixOSLaptop xserver-wrapper[1415]:         compiled for 1.21.1.18, module version = 0.0.2
Jul 21 19:06:54 X0NixOSLaptop xserver-wrapper[1415]:         ABI class: X.Org Video Driver, version 25.2
Jul 21 19:06:54 X0NixOSLaptop xserver-wrapper[1415]: (II) modeset(0): Creating default Display subsection in Screen section
Jul 21 19:06:54 X0NixOSLaptop xserver-wrapper[1415]:         "Screen-modesetting[0]" for depth/fbbpp 24/32
Jul 21 19:06:54 X0NixOSLaptop xserver-wrapper[1415]: (==) modeset(0): Depth 24, (==) framebuffer bpp 32
Jul 21 19:06:54 X0NixOSLaptop xserver-wrapper[1415]: (==) modeset(0): RGB weight 888
Jul 21 19:06:54 X0NixOSLaptop xserver-wrapper[1415]: (==) modeset(0): Default visual is TrueColor
Jul 21 19:06:54 X0NixOSLaptop xserver-wrapper[1415]: (II) Loading sub module "glamoregl"
Jul 21 19:06:54 X0NixOSLaptop xserver-wrapper[1415]: (II) LoadModule: "glamoregl"
Jul 21 19:06:54 X0NixOSLaptop xserver-wrapper[1415]: (II) Loading /nix/store/vpwqd2q5y5azvjbjfxfh5g1dgcrs93vw-xorg-server-21.1.18/lib/xorg/modules/libglamoregl.so
Jul 21 19:06:54 X0NixOSLaptop xserver-wrapper[1415]: (II) Module glamoregl: vendor="X.Org Foundation"
Jul 21 19:06:54 X0NixOSLaptop xserver-wrapper[1415]:         compiled for 1.21.1.18, module version = 1.0.1
Jul 21 19:06:54 X0NixOSLaptop xserver-wrapper[1415]:         ABI class: X.Org ANSI C Emulation, version 0.4
Jul 21 19:06:54 X0NixOSLaptop xserver-wrapper[1415]: (II) modeset(0): glamor X acceleration enabled on Mesa Intel(R) Arc(tm) Graphics (MTL)
Jul 21 19:06:54 X0NixOSLaptop xserver-wrapper[1415]: (II) modeset(0): glamor initialized
Jul 21 19:06:54 X0NixOSLaptop xserver-wrapper[1415]: (==) modeset(0): VariableRefresh: disabled
Jul 21 19:06:54 X0NixOSLaptop xserver-wrapper[1415]: (==) modeset(0): AsyncFlipSecondaries: disabled
Jul 21 19:06:54 X0NixOSLaptop xserver-wrapper[1415]: (II) modeset(0): Output eDP-1 has no monitor section
Jul 21 19:06:54 X0NixOSLaptop xserver-wrapper[1415]: (II) modeset(0): Output DP-1 has no monitor section
Jul 21 19:06:54 X0NixOSLaptop xserver-wrapper[1415]: (II) modeset(0): Output DP-2 has no monitor section
Jul 21 19:06:54 X0NixOSLaptop xserver-wrapper[1415]: (II) modeset(0): Output DP-3 has no monitor section
Jul 21 19:06:54 X0NixOSLaptop xserver-wrapper[1415]: (II) modeset(0): Output DP-4 has no monitor section
Jul 21 19:06:54 X0NixOSLaptop xserver-wrapper[1415]: (II) modeset(0): EDID for output eDP-1
Jul 21 19:06:54 X0NixOSLaptop xserver-wrapper[1415]: (II) modeset(0): Manufacturer: SDC  Model: 4161  Serial#: 0
Jul 21 19:06:54 X0NixOSLaptop xserver-wrapper[1415]: (II) modeset(0): Year: 2020  Week: 46
Jul 21 19:06:54 X0NixOSLaptop xserver-wrapper[1415]: (II) modeset(0): EDID Version: 1.4
Jul 21 19:06:54 X0NixOSLaptop xserver-wrapper[1415]: (II) modeset(0): Digital Display Input
Jul 21 19:06:54 X0NixOSLaptop xserver-wrapper[1415]: (II) modeset(0): 10 bits per channel
Jul 21 19:06:54 X0NixOSLaptop xserver-wrapper[1415]: (II) modeset(0): Digital interface is DisplayPort
Jul 21 19:06:54 X0NixOSLaptop xserver-wrapper[1415]: (II) modeset(0): Max Image Size [cm]: horiz.: 34  vert.: 19
Jul 21 19:06:54 X0NixOSLaptop xserver-wrapper[1415]: (II) modeset(0): Gamma: 2.20
Jul 21 19:06:54 X0NixOSLaptop xserver-wrapper[1415]: (II) modeset(0): No DPMS capabilities specified
Jul 21 19:06:54 X0NixOSLaptop xserver-wrapper[1415]: (II) modeset(0): Supported color encodings: RGB 4:4:4
Jul 21 19:06:54 X0NixOSLaptop xserver-wrapper[1415]: (II) modeset(0): First detailed timing is preferred mode
Jul 21 19:06:54 X0NixOSLaptop xserver-wrapper[1415]: (II) modeset(0): Preferred mode is native pixel format and refresh rate
Jul 21 19:06:54 X0NixOSLaptop xserver-wrapper[1415]: (II) modeset(0): redX: 0.680 redY: 0.320   greenX: 0.237 greenY: 0.723
Jul 21 19:06:54 X0NixOSLaptop xserver-wrapper[1415]: (II) modeset(0): blueX: 0.140 blueY: 0.050   whiteX: 0.312 whiteY: 0.329
Jul 21 19:06:54 X0NixOSLaptop xserver-wrapper[1415]: (II) modeset(0): Manufacturer's mask: 0
Jul 21 19:06:54 X0NixOSLaptop xserver-wrapper[1415]: (II) modeset(0): Supported detailed timing:
Jul 21 19:06:54 X0NixOSLaptop xserver-wrapper[1415]: (II) modeset(0): clock: 138.8 MHz   Image Size:  344 x 194 mm
Jul 21 19:06:54 X0NixOSLaptop xserver-wrapper[1415]: (II) modeset(0): h_active: 1920  h_sync: 1968  h_sync_end 2000 h_blank_end 2080 h_border: 0
Jul 21 19:06:54 X0NixOSLaptop xserver-wrapper[1415]: (II) modeset(0): v_active: 1080  v_sync: 1088  v_sync_end 1096 v_blanking: 1112 v_border: 0
Jul 21 19:06:54 X0NixOSLaptop xserver-wrapper[1415]: (II) modeset(0): Supported detailed timing:
Jul 21 19:06:54 X0NixOSLaptop xserver-wrapper[1415]: (II) modeset(0): clock: 138.8 MHz   Image Size:  344 x 194 mm
Jul 21 19:06:54 X0NixOSLaptop xserver-wrapper[1415]: (II) modeset(0): h_active: 1920  h_sync: 1968  h_sync_end 2000 h_blank_end 2080 h_border: 0
Jul 21 19:06:54 X0NixOSLaptop xserver-wrapper[1415]: (II) modeset(0): v_active: 1080  v_sync: 1088  v_sync_end 1096 v_blanking: 1112 v_border: 0
Jul 21 19:06:54 X0NixOSLaptop xserver-wrapper[1415]: (II) modeset(0): Unknown vendor-specific block f
Jul 21 19:06:54 X0NixOSLaptop xserver-wrapper[1415]: (II) modeset(0):  ATNA56YX03-0
Jul 21 19:06:54 X0NixOSLaptop xserver-wrapper[1415]: (II) modeset(0): Number of EDID sections to follow: 1
Jul 21 19:06:54 X0NixOSLaptop xserver-wrapper[1415]: (II) modeset(0): EDID (in hex):
Jul 21 19:06:54 X0NixOSLaptop xserver-wrapper[1415]: (II) modeset(0):         00ffffffffffff004c83614100000000
Jul 21 19:06:54 X0NixOSLaptop xserver-wrapper[1415]: (II) modeset(0):         2e1e0104b5221378020cf1ae523cb923
Jul 21 19:06:54 X0NixOSLaptop xserver-wrapper[1415]: (II) modeset(0):         0c505400000001010101010101010101
Jul 21 19:06:54 X0NixOSLaptop xserver-wrapper[1415]: (II) modeset(0):         010101010101353680a0703820403020
Jul 21 19:06:54 X0NixOSLaptop xserver-wrapper[1415]: (II) modeset(0):         880058c21000001b353680a070382040
Jul 21 19:06:54 X0NixOSLaptop xserver-wrapper[1415]: (II) modeset(0):         3020880058c21000001b0000000f00d1
Jul 21 19:06:54 X0NixOSLaptop xserver-wrapper[1415]: (II) modeset(0):         093cd1093c28800100000000000000fe
Jul 21 19:06:54 X0NixOSLaptop xserver-wrapper[1415]: (II) modeset(0):         0041544e413536595830332d302001a8
Jul 21 19:06:54 X0NixOSLaptop xserver-wrapper[1415]: (II) modeset(0):         02030f00e3058000e606050174600700
Jul 21 19:06:54 X0NixOSLaptop xserver-wrapper[1415]: (II) modeset(0):         00000000000000000000000000000000
Jul 21 19:06:54 X0NixOSLaptop xserver-wrapper[1415]: (II) modeset(0):         00000000000000000000000000000000
Jul 21 19:06:54 X0NixOSLaptop xserver-wrapper[1415]: (II) modeset(0):         00000000000000000000000000000000
Jul 21 19:06:54 X0NixOSLaptop xserver-wrapper[1415]: (II) modeset(0):         00000000000000000000000000000000
Jul 21 19:06:54 X0NixOSLaptop xserver-wrapper[1415]: (II) modeset(0):         00000000000000000000000000000000
Jul 21 19:06:54 X0NixOSLaptop xserver-wrapper[1415]: (II) modeset(0):         00000000000000000000000000000000
Jul 21 19:06:54 X0NixOSLaptop xserver-wrapper[1415]: (II) modeset(0):         000000000000000000000000000000b7
Jul 21 19:06:54 X0NixOSLaptop xserver-wrapper[1415]: (II) modeset(0): Printing probed modes for output eDP-1
Jul 21 19:06:54 X0NixOSLaptop xserver-wrapper[1415]: (II) modeset(0): Modeline "1920x1080"x60.0  138.77  1920 1968 2000 2080  1080 1088 1096 1112 +hsync -vsync (66.7 kHz eP)
Jul 21 19:06:54 X0NixOSLaptop xserver-wrapper[1415]: (II) modeset(0): Modeline "1920x1080"x119.9  266.50  1920 1944 1960 2000  1080 1081 1084 1111 doublescan +hsync -vsync (133.2 kHz d)
Jul 21 19:06:54 X0NixOSLaptop xserver-wrapper[1415]: (II) modeset(0): Modeline "1920x1080"x60.0  173.00  1920 2048 2248 2576  1080 1083 1088 1120 -hsync +vsync (67.2 kHz d)
Jul 21 19:06:54 X0NixOSLaptop xserver-wrapper[1415]: (II) modeset(0): Modeline "1920x1080"x59.9  138.50  1920 1968 2000 2080  1080 1083 1088 1111 +hsync -vsync (66.6 kHz d)
Jul 21 19:06:54 X0NixOSLaptop xserver-wrapper[1415]: (II) modeset(0): Modeline "1680x1050"x60.0  146.25  1680 1784 1960 2240  1050 1053 1059 1089 -hsync +vsync (65.3 kHz d)
Jul 21 19:06:54 X0NixOSLaptop xserver-wrapper[1415]: (II) modeset(0): Modeline "1680x1050"x59.9  119.00  1680 1728 1760 1840  1050 1053 1059 1080 +hsync -vsync (64.7 kHz d)
Jul 21 19:06:54 X0NixOSLaptop xserver-wrapper[1415]: (II) modeset(0): Modeline "1400x1050"x60.0  122.00  1400 1488 1640 1880  1050 1052 1064 1082 +hsync +vsync (64.9 kHz d)
Jul 21 19:06:54 X0NixOSLaptop xserver-wrapper[1415]: (II) modeset(0): Modeline "1600x900"x120.0  246.00  1600 1728 1900 2200  900 901 904 932 doublescan -hsync +vsync (111.8 kHz d)
Jul 21 19:06:54 X0NixOSLaptop xserver-wrapper[1415]: (II) modeset(0): Modeline "1600x900"x119.9  186.50  1600 1624 1640 1680  900 901 904 926 doublescan +hsync -vsync (111.0 kHz d)
Jul 21 19:06:54 X0NixOSLaptop xserver-wrapper[1415]: (II) modeset(0): Modeline "1600x900"x59.9  118.25  1600 1696 1856 2112  900 903 908 934 -hsync +vsync (56.0 kHz d)
Jul 21 19:06:54 X0NixOSLaptop xserver-wrapper[1415]: (II) modeset(0): Modeline "1600x900"x59.8   97.50  1600 1648 1680 1760  900 903 908 926 +hsync -vsync (55.4 kHz d)
Jul 21 19:06:54 X0NixOSLaptop xserver-wrapper[1415]: (II) modeset(0): Modeline "1280x1024"x60.0  108.00  1280 1328 1440 1688  1024 1025 1028 1066 +hsync +vsync (64.0 kHz d)
Jul 21 19:06:54 X0NixOSLaptop xserver-wrapper[1415]: (II) modeset(0): Modeline "1400x900"x60.0  103.50  1400 1480 1624 1848  900 903 913 934 -hsync +vsync (56.0 kHz d)
Jul 21 19:06:54 X0NixOSLaptop xserver-wrapper[1415]: (II) modeset(0): Modeline "1400x900"x59.9   86.50  1400 1448 1480 1560  900 903 913 926 +hsync -vsync (55.4 kHz d)
Jul 21 19:06:54 X0NixOSLaptop xserver-wrapper[1415]: (II) modeset(0): Modeline "1280x960"x60.0  108.00  1280 1376 1488 1800  960 961 964 1000 +hsync +vsync (60.0 kHz d)
Jul 21 19:06:54 X0NixOSLaptop xserver-wrapper[1415]: (II) modeset(0): Modeline "1440x810"x120.0  198.12  1440 1548 1704 1968  810 811 814 839 doublescan -hsync +vsync (100.7 kHz d)
Jul 21 19:06:54 X0NixOSLaptop xserver-wrapper[1415]: (II) modeset(0): Modeline "1440x810"x119.9  151.88  1440 1464 1480 1520  810 811 814 833 doublescan +hsync -vsync (99.9 kHz d)
Jul 21 19:06:54 X0NixOSLaptop xserver-wrapper[1415]: (II) modeset(0): Modeline "1368x768"x59.9   85.25  1368 1440 1576 1784  768 771 781 798 -hsync +vsync (47.8 kHz d)
Jul 21 19:06:54 X0NixOSLaptop xserver-wrapper[1415]: (II) modeset(0): Modeline "1368x768"x59.9   72.25  1368 1416 1448 1528  768 771 781 790 +hsync -vsync (47.3 kHz d)
Jul 21 19:06:54 X0NixOSLaptop xserver-wrapper[1415]: (II) modeset(0): Modeline "1280x800"x120.0  174.25  1280 1380 1516 1752  800 801 804 829 doublescan -hsync +vsync (99.5 kHz d)
Jul 21 19:06:54 X0NixOSLaptop xserver-wrapper[1415]: (II) modeset(0): Modeline "1280x800"x119.9  134.25  1280 1304 1320 1360  800 801 804 823 doublescan +hsync -vsync (98.7 kHz d)
Jul 21 19:06:54 X0NixOSLaptop xserver-wrapper[1415]: (II) modeset(0): Modeline "1280x800"x59.8   83.50  1280 1352 1480 1680  800 803 809 831 -hsync +vsync (49.7 kHz d)
Jul 21 19:06:54 X0NixOSLaptop xserver-wrapper[1415]: (II) modeset(0): Modeline "1280x800"x59.9   71.00  1280 1328 1360 1440  800 803 809 823 +hsync -vsync (49.3 kHz d)
Jul 21 19:06:54 X0NixOSLaptop xserver-wrapper[1415]: (II) modeset(0): Modeline "1280x720"x120.0  156.12  1280 1376 1512 1744  720 721 724 746 doublescan -hsync +vsync (89.5 kHz d)
Jul 21 19:06:54 X0NixOSLaptop xserver-wrapper[1415]: (II) modeset(0): Modeline "1280x720"x120.0  120.75  1280 1304 1320 1360  720 721 724 740 doublescan +hsync -vsync (88.8 kHz d)
Jul 21 19:06:54 X0NixOSLaptop xserver-wrapper[1415]: (II) modeset(0): Modeline "1280x720"x59.9   74.50  1280 1344 1472 1664  720 723 728 748 -hsync +vsync (44.8 kHz d)
Jul 21 19:06:54 X0NixOSLaptop xserver-wrapper[1415]: (II) modeset(0): Modeline "1280x720"x59.7   63.75  1280 1328 1360 1440  720 723 728 741 +hsync -vsync (44.3 kHz d)
Jul 21 19:06:54 X0NixOSLaptop xserver-wrapper[1415]: (II) modeset(0): Modeline "1024x768"x120.1  133.47  1024 1100 1212 1400  768 768 770 794 doublescan -hsync +vsync (95.3 kHz d)
Jul 21 19:06:54 X0NixOSLaptop xserver-wrapper[1415]: (II) modeset(0): Modeline "1024x768"x60.0   65.00  1024 1048 1184 1344  768 771 777 806 -hsync -vsync (48.4 kHz d)
Jul 21 19:06:54 X0NixOSLaptop xserver-wrapper[1415]: (II) modeset(0): Modeline "960x720"x120.0  117.00  960 1024 1128 1300  720 720 722 750 doublescan -hsync +vsync (90.0 kHz d)
Jul 21 19:06:54 X0NixOSLaptop xserver-wrapper[1415]: (II) modeset(0): Modeline "928x696"x120.1  109.15  928 976 1088 1264  696 696 698 719 doublescan -hsync +vsync (86.4 kHz d)
Jul 21 19:06:54 X0NixOSLaptop xserver-wrapper[1415]: (II) modeset(0): Modeline "896x672"x120.0  102.40  896 960 1060 1224  672 672 674 697 doublescan -hsync +vsync (83.7 kHz d)
Jul 21 19:06:54 X0NixOSLaptop xserver-wrapper[1415]: (II) modeset(0): Modeline "1024x576"x119.9   98.50  1024 1092 1200 1376  576 577 580 597 doublescan -hsync +vsync (71.6 kHz d)
Jul 21 19:06:54 X0NixOSLaptop xserver-wrapper[1415]: (II) modeset(0): Modeline "1024x576"x119.9   78.38  1024 1048 1064 1104  576 577 580 592 doublescan +hsync -vsync (71.0 kHz d)
Jul 21 19:06:54 X0NixOSLaptop xserver-wrapper[1415]: (II) modeset(0): Modeline "1024x576"x59.9   46.50  1024 1064 1160 1296  576 579 584 599 -hsync +vsync (35.9 kHz d)
Jul 21 19:06:54 X0NixOSLaptop xserver-wrapper[1415]: (II) modeset(0): Modeline "1024x576"x59.8   42.00  1024 1072 1104 1184  576 579 584 593 +hsync -vsync (35.5 kHz d)
Jul 21 19:06:54 X0NixOSLaptop xserver-wrapper[1415]: (II) modeset(0): Modeline "960x600"x119.9   96.62  960 1028 1128 1296  600 601 604 622 doublescan -hsync +vsync (74.6 kHz d)
Jul 21 19:06:54 X0NixOSLaptop xserver-wrapper[1415]: (II) modeset(0): Modeline "960x600"x120.0   77.00  960 984 1000 1040  600 601 604 617 doublescan +hsync -vsync (74.0 kHz d)
Jul 21 19:06:54 X0NixOSLaptop xserver-wrapper[1415]: (II) modeset(0): Modeline "960x540"x119.9   86.50  960 1024 1124 1288  540 541 544 560 doublescan -hsync +vsync (67.2 kHz d)
Jul 21 19:06:54 X0NixOSLaptop xserver-wrapper[1415]: (II) modeset(0): Modeline "960x540"x120.0   69.25  960 984 1000 1040  540 541 544 555 doublescan +hsync -vsync (66.6 kHz d)
Jul 21 19:06:54 X0NixOSLaptop xserver-wrapper[1415]: (II) modeset(0): Modeline "960x540"x59.6   40.75  960 992 1088 1216  540 543 548 562 -hsync +vsync (33.5 kHz d)
Jul 21 19:06:54 X0NixOSLaptop xserver-wrapper[1415]: (II) modeset(0): Modeline "960x540"x59.8   37.25  960 1008 1040 1120  540 543 548 556 +hsync -vsync (33.3 kHz d)
Jul 21 19:06:54 X0NixOSLaptop xserver-wrapper[1415]: (II) modeset(0): Modeline "800x600"x120.0   81.00  800 832 928 1080  600 600 602 625 doublescan +hsync +vsync (75.0 kHz d)
Jul 21 19:06:54 X0NixOSLaptop xserver-wrapper[1415]: (II) modeset(0): Modeline "800x600"x60.3   40.00  800 840 968 1056  600 601 605 628 +hsync +vsync (37.9 kHz d)
Jul 21 19:06:54 X0NixOSLaptop xserver-wrapper[1415]: (II) modeset(0): Modeline "800x600"x56.2   36.00  800 824 896 1024  600 601 603 625 +hsync +vsync (35.2 kHz d)
Jul 21 19:06:54 X0NixOSLaptop xserver-wrapper[1415]: (II) modeset(0): Modeline "840x525"x120.0   73.12  840 892 980 1120  525 526 529 544 doublescan -hsync +vsync (65.3 kHz d)
Jul 21 19:06:54 X0NixOSLaptop xserver-wrapper[1415]: (II) modeset(0): Modeline "840x525"x119.8   59.50  840 864 880 920  525 526 529 540 doublescan +hsync -vsync (64.7 kHz d)
Jul 21 19:06:54 X0NixOSLaptop xserver-wrapper[1415]: (II) modeset(0): Modeline "864x486"x59.9   32.50  864 888 968 1072  486 489 494 506 -hsync +vsync (30.3 kHz d)
Jul 21 19:06:54 X0NixOSLaptop xserver-wrapper[1415]: (II) modeset(0): Modeline "864x486"x59.6   30.50  864 912 944 1024  486 489 494 500 +hsync -vsync (29.8 kHz d)
Jul 21 19:06:54 X0NixOSLaptop xserver-wrapper[1415]: (II) modeset(0): Modeline "700x525"x120.0   61.00  700 744 820 940  525 526 532 541 doublescan +hsync +vsync (64.9 kHz d)
Jul 21 19:06:54 X0NixOSLaptop xserver-wrapper[1415]: (II) modeset(0): Modeline "800x450"x119.9   59.12  800 848 928 1056  450 451 454 467 doublescan -hsync +vsync (56.0 kHz d)
Jul 21 19:06:54 X0NixOSLaptop xserver-wrapper[1415]: (II) modeset(0): Modeline "800x450"x119.6   48.75  800 824 840 880  450 451 454 463 doublescan +hsync -vsync (55.4 kHz d)
Jul 21 19:06:54 X0NixOSLaptop xserver-wrapper[1415]: (II) modeset(0): Modeline "640x512"x120.0   54.00  640 664 720 844  512 512 514 533 doublescan +hsync +vsync (64.0 kHz d)
Jul 21 19:06:54 X0NixOSLaptop xserver-wrapper[1415]: (II) modeset(0): Modeline "700x450"x119.9   51.75  700 740 812 924  450 451 456 467 doublescan -hsync +vsync (56.0 kHz d)
Jul 21 19:06:54 X0NixOSLaptop xserver-wrapper[1415]: (II) modeset(0): Modeline "700x450"x119.8   43.25  700 724 740 780  450 451 456 463 doublescan +hsync -vsync (55.4 kHz d)
Jul 21 19:06:54 X0NixOSLaptop xserver-wrapper[1415]: (II) modeset(0): Modeline "640x480"x120.0   54.00  640 688 744 900  480 480 482 500 doublescan +hsync +vsync (60.0 kHz d)
Jul 21 19:06:54 X0NixOSLaptop xserver-wrapper[1415]: (II) modeset(0): Modeline "640x480"x59.9   25.18  640 656 752 800  480 490 492 525 -hsync -vsync (31.5 kHz d)
Jul 21 19:06:54 X0NixOSLaptop xserver-wrapper[1415]: (II) modeset(0): Modeline "720x405"x59.5   22.50  720 744 808 896  405 408 413 422 -hsync +vsync (25.1 kHz d)
Jul 21 19:06:54 X0NixOSLaptop xserver-wrapper[1415]: (II) modeset(0): Modeline "720x405"x59.0   21.75  720 768 800 880  405 408 413 419 +hsync -vsync (24.7 kHz d)
Jul 21 19:06:54 X0NixOSLaptop xserver-wrapper[1415]: (II) modeset(0): Modeline "684x384"x119.8   42.62  684 720 788 892  384 385 390 399 doublescan -hsync +vsync (47.8 kHz d)
Jul 21 19:06:54 X0NixOSLaptop xserver-wrapper[1415]: (II) modeset(0): Modeline "684x384"x119.7   36.12  684 708 724 764  384 385 390 395 doublescan +hsync -vsync (47.3 kHz d)
Jul 21 19:06:54 X0NixOSLaptop xserver-wrapper[1415]: (II) modeset(0): Modeline "640x400"x119.8   41.75  640 676 740 840  400 401 404 415 doublescan -hsync +vsync (49.7 kHz d)
Jul 21 19:06:54 X0NixOSLaptop xserver-wrapper[1415]: (II) modeset(0): Modeline "640x400"x120.0   35.50  640 664 680 720  400 401 404 411 doublescan +hsync -vsync (49.3 kHz d)
Jul 21 19:06:54 X0NixOSLaptop xserver-wrapper[1415]: (II) modeset(0): Modeline "640x360"x119.7   37.25  640 672 736 832  360 361 364 374 doublescan -hsync +vsync (44.8 kHz d)
Jul 21 19:06:54 X0NixOSLaptop xserver-wrapper[1415]: (II) modeset(0): Modeline "640x360"x119.7   31.88  640 664 680 720  360 361 364 370 doublescan +hsync -vsync (44.3 kHz d)
Jul 21 19:06:54 X0NixOSLaptop xserver-wrapper[1415]: (II) modeset(0): Modeline "640x360"x59.8   18.00  640 664 720 800  360 363 368 376 -hsync +vsync (22.5 kHz d)
Jul 21 19:06:54 X0NixOSLaptop xserver-wrapper[1415]: (II) modeset(0): Modeline "640x360"x59.3   17.75  640 688 720 800  360 363 368 374 +hsync -vsync (22.2 kHz d)
Jul 21 19:06:54 X0NixOSLaptop xserver-wrapper[1415]: (II) modeset(0): Modeline "512x384"x120.0   32.50  512 524 592 672  384 385 388 403 doublescan -hsync -vsync (48.4 kHz d)
Jul 21 19:06:54 X0NixOSLaptop xserver-wrapper[1415]: (II) modeset(0): Modeline "512x288"x120.0   23.25  512 532 580 648  288 289 292 299 doublescan -hsync +vsync (35.9 kHz d)
Jul 21 19:06:54 X0NixOSLaptop xserver-wrapper[1415]: (II) modeset(0): Modeline "512x288"x119.8   21.00  512 536 552 592  288 289 292 296 doublescan +hsync -vsync (35.5 kHz d)
Jul 21 19:06:54 X0NixOSLaptop xserver-wrapper[1415]: (II) modeset(0): Modeline "480x270"x119.3   20.38  480 496 544 608  270 271 274 281 doublescan -hsync +vsync (33.5 kHz d)
Jul 21 19:06:54 X0NixOSLaptop xserver-wrapper[1415]: (II) modeset(0): Modeline "480x270"x119.6   18.62  480 504 520 560  270 271 274 278 doublescan +hsync -vsync (33.3 kHz d)
Jul 21 19:06:54 X0NixOSLaptop xserver-wrapper[1415]: (II) modeset(0): Modeline "400x300"x120.6   20.00  400 420 484 528  300 300 302 314 doublescan +hsync +vsync (37.9 kHz d)
Jul 21 19:06:54 X0NixOSLaptop xserver-wrapper[1415]: (II) modeset(0): Modeline "400x300"x112.7   18.00  400 412 448 512  300 300 301 312 doublescan +hsync +vsync (35.2 kHz d)
Jul 21 19:06:54 X0NixOSLaptop xserver-wrapper[1415]: (II) modeset(0): Modeline "432x243"x119.8   16.25  432 444 484 536  243 244 247 253 doublescan -hsync +vsync (30.3 kHz d)
Jul 21 19:06:54 X0NixOSLaptop xserver-wrapper[1415]: (II) modeset(0): Modeline "432x243"x119.1   15.25  432 456 472 512  243 244 247 250 doublescan +hsync -vsync (29.8 kHz d)
Jul 21 19:06:54 X0NixOSLaptop xserver-wrapper[1415]: (II) modeset(0): Modeline "320x240"x120.1   12.59  320 328 376 400  240 245 246 262 doublescan -hsync -vsync (31.5 kHz d)
Jul 21 19:06:54 X0NixOSLaptop xserver-wrapper[1415]: (II) modeset(0): Modeline "360x202"x119.0   11.25  360 372 404 448  202 204 206 211 doublescan -hsync +vsync (25.1 kHz d)
Jul 21 19:06:54 X0NixOSLaptop xserver-wrapper[1415]: (II) modeset(0): Modeline "360x202"x118.3   10.88  360 384 400 440  202 204 206 209 doublescan +hsync -vsync (24.7 kHz d)
Jul 21 19:06:54 X0NixOSLaptop xserver-wrapper[1415]: (II) modeset(0): Modeline "320x180"x119.7    9.00  320 332 360 400  180 181 184 188 doublescan -hsync +vsync (22.5 kHz d)
Jul 21 19:06:54 X0NixOSLaptop xserver-wrapper[1415]: (II) modeset(0): Modeline "320x180"x118.6    8.88  320 344 360 400  180 181 184 187 doublescan +hsync -vsync (22.2 kHz d)
Jul 21 19:06:54 X0NixOSLaptop xserver-wrapper[1415]: (II) modeset(0): EDID for output DP-1
Jul 21 19:06:54 X0NixOSLaptop xserver-wrapper[1415]: (II) modeset(0): EDID for output DP-2
Jul 21 19:06:54 X0NixOSLaptop xserver-wrapper[1415]: (II) modeset(0): EDID for output DP-3
Jul 21 19:06:54 X0NixOSLaptop xserver-wrapper[1415]: (II) modeset(0): EDID for output DP-4
Jul 21 19:06:54 X0NixOSLaptop xserver-wrapper[1415]: (II) modeset(0): Output eDP-1 connected
Jul 21 19:06:54 X0NixOSLaptop xserver-wrapper[1415]: (II) modeset(0): Output DP-1 disconnected
Jul 21 19:06:54 X0NixOSLaptop xserver-wrapper[1415]: (II) modeset(0): Output DP-2 disconnected
Jul 21 19:06:54 X0NixOSLaptop xserver-wrapper[1415]: (II) modeset(0): Output DP-3 disconnected
Jul 21 19:06:54 X0NixOSLaptop xserver-wrapper[1415]: (II) modeset(0): Output DP-4 disconnected
Jul 21 19:06:54 X0NixOSLaptop xserver-wrapper[1415]: (II) modeset(0): Using exact sizes for initial modes
Jul 21 19:06:54 X0NixOSLaptop xserver-wrapper[1415]: (II) modeset(0): Output eDP-1 using initial mode 1920x1080 +0+0
Jul 21 19:06:54 X0NixOSLaptop xserver-wrapper[1415]: (==) modeset(0): Using gamma correction (1.0, 1.0, 1.0)
Jul 21 19:06:54 X0NixOSLaptop xserver-wrapper[1415]: (==) modeset(0): DPI set to (96, 96)
Jul 21 19:06:54 X0NixOSLaptop xserver-wrapper[1415]: (II) Loading sub module "fb"
Jul 21 19:06:54 X0NixOSLaptop xserver-wrapper[1415]: (II) LoadModule: "fb"
Jul 21 19:06:54 X0NixOSLaptop xserver-wrapper[1415]: (II) Module "fb" already built-in
Jul 21 19:06:54 X0NixOSLaptop xserver-wrapper[1415]: (II) UnloadModule: "fbdev"
Jul 21 19:06:54 X0NixOSLaptop xserver-wrapper[1415]: (II) Unloading fbdev
Jul 21 19:06:54 X0NixOSLaptop xserver-wrapper[1415]: (II) UnloadSubModule: "fbdevhw"
Jul 21 19:06:54 X0NixOSLaptop xserver-wrapper[1415]: (II) Unloading fbdevhw
Jul 21 19:06:54 X0NixOSLaptop xserver-wrapper[1415]: (==) modeset(0): Backing store enabled
Jul 21 19:06:54 X0NixOSLaptop xserver-wrapper[1415]: (==) modeset(0): Silken mouse enabled
Jul 21 19:06:54 X0NixOSLaptop xserver-wrapper[1415]: (II) modeset(0): Initializing kms color map for depth 24, 8 bpc.
Jul 21 19:06:54 X0NixOSLaptop xserver-wrapper[1415]: (==) modeset(0): DPMS enabled
Jul 21 19:06:54 X0NixOSLaptop xserver-wrapper[1415]: (II) modeset(0): [DRI2] Setup complete
Jul 21 19:06:54 X0NixOSLaptop xserver-wrapper[1415]: (II) modeset(0): [DRI2]   DRI driver: iris
Jul 21 19:06:54 X0NixOSLaptop xserver-wrapper[1415]: (II) modeset(0): [DRI2]   VDPAU driver: va_gl
Jul 21 19:06:54 X0NixOSLaptop xserver-wrapper[1415]: (II) Initializing extension Generic Event Extension
Jul 21 19:06:54 X0NixOSLaptop xserver-wrapper[1415]: (II) Initializing extension SHAPE
Jul 21 19:06:54 X0NixOSLaptop xserver-wrapper[1415]: (II) Initializing extension MIT-SHM
Jul 21 19:06:54 X0NixOSLaptop xserver-wrapper[1415]: (II) Initializing extension XInputExtension
Jul 21 19:06:54 X0NixOSLaptop xserver-wrapper[1415]: (II) Initializing extension XTEST
Jul 21 19:06:54 X0NixOSLaptop xserver-wrapper[1415]: (II) Initializing extension BIG-REQUESTS
Jul 21 19:06:54 X0NixOSLaptop xserver-wrapper[1415]: (II) Initializing extension SYNC
Jul 21 19:06:54 X0NixOSLaptop xserver-wrapper[1415]: (II) Initializing extension XKEYBOARD
Jul 21 19:06:54 X0NixOSLaptop xserver-wrapper[1415]: (II) Initializing extension XC-MISC
Jul 21 19:06:54 X0NixOSLaptop xserver-wrapper[1415]: (II) Initializing extension SECURITY
Jul 21 19:06:54 X0NixOSLaptop xserver-wrapper[1415]: (II) Initializing extension XFIXES
Jul 21 19:06:54 X0NixOSLaptop xserver-wrapper[1415]: (II) Initializing extension RENDER
Jul 21 19:06:54 X0NixOSLaptop xserver-wrapper[1415]: (II) Initializing extension RANDR
Jul 21 19:06:54 X0NixOSLaptop xserver-wrapper[1415]: (II) Initializing extension COMPOSITE
Jul 21 19:06:54 X0NixOSLaptop xserver-wrapper[1415]: (II) Initializing extension DAMAGE
Jul 21 19:06:54 X0NixOSLaptop xserver-wrapper[1415]: (II) Initializing extension MIT-SCREEN-SAVER
Jul 21 19:06:54 X0NixOSLaptop xserver-wrapper[1415]: (II) Initializing extension DOUBLE-BUFFER
Jul 21 19:06:54 X0NixOSLaptop xserver-wrapper[1415]: (II) Initializing extension RECORD
Jul 21 19:06:54 X0NixOSLaptop xserver-wrapper[1415]: (II) Initializing extension DPMS
Jul 21 19:06:54 X0NixOSLaptop xserver-wrapper[1415]: (II) Initializing extension Present
Jul 21 19:06:54 X0NixOSLaptop xserver-wrapper[1415]: (II) Initializing extension DRI3
Jul 21 19:06:54 X0NixOSLaptop xserver-wrapper[1415]: (II) Initializing extension X-Resource
Jul 21 19:06:54 X0NixOSLaptop xserver-wrapper[1415]: (II) Initializing extension XVideo
Jul 21 19:06:54 X0NixOSLaptop xserver-wrapper[1415]: (II) Initializing extension XVideo-MotionCompensation
Jul 21 19:06:54 X0NixOSLaptop xserver-wrapper[1415]: (II) Initializing extension GLX
Jul 21 19:06:54 X0NixOSLaptop xserver-wrapper[1415]: (II) AIGLX: Loaded and initialized iris
Jul 21 19:06:54 X0NixOSLaptop xserver-wrapper[1415]: (II) GLX: Initialized DRI2 GL provider for screen 0
Jul 21 19:06:54 X0NixOSLaptop xserver-wrapper[1415]: (II) Initializing extension XFree86-VidModeExtension
Jul 21 19:06:54 X0NixOSLaptop xserver-wrapper[1415]: (II) Initializing extension XFree86-DGA
Jul 21 19:06:54 X0NixOSLaptop xserver-wrapper[1415]: (II) Initializing extension XFree86-DRI
Jul 21 19:06:54 X0NixOSLaptop xserver-wrapper[1415]: (II) Initializing extension DRI2
Jul 21 19:06:54 X0NixOSLaptop xserver-wrapper[1415]: (II) modeset(0): Damage tracking initialized
Jul 21 19:06:54 X0NixOSLaptop xserver-wrapper[1415]: (II) modeset(0): Setting screen physical size to 508 x 285
Jul 21 19:06:54 X0NixOSLaptop xserver-wrapper[1426]: The XKEYBOARD keymap compiler (xkbcomp) reports:
Jul 21 19:06:54 X0NixOSLaptop xserver-wrapper[1426]: > Warning:          Could not resolve keysym XF86RefreshRateToggle
Jul 21 19:06:54 X0NixOSLaptop xserver-wrapper[1426]: > Warning:          Could not resolve keysym XF86Accessibility
Jul 21 19:06:54 X0NixOSLaptop xserver-wrapper[1426]: > Warning:          Could not resolve keysym XF86DoNotDisturb
Jul 21 19:06:54 X0NixOSLaptop xserver-wrapper[1426]: Errors from xkbcomp are not fatal to the X server
Jul 21 19:06:54 X0NixOSLaptop xserver-wrapper[1415]: (II) config/udev: Adding input device Video Bus (/dev/input/event11)
Jul 21 19:06:54 X0NixOSLaptop xserver-wrapper[1415]: (**) Video Bus: Applying InputClass "Keyboard catchall"
Jul 21 19:06:54 X0NixOSLaptop xserver-wrapper[1415]: (**) Video Bus: Applying InputClass "evdev keyboard catchall"
Jul 21 19:06:54 X0NixOSLaptop xserver-wrapper[1415]: (**) Video Bus: Applying InputClass "libinput keyboard catchall"
Jul 21 19:06:54 X0NixOSLaptop xserver-wrapper[1415]: (II) LoadModule: "libinput"
Jul 21 19:06:54 X0NixOSLaptop xserver-wrapper[1415]: (II) Loading /nix/store/w3h2d0qqb27ljqw54li79q9ig00sq7x8-xf86-input-libinput-1.5.0/lib/xorg/modules/input/libinput_drv.so
Jul 21 19:06:54 X0NixOSLaptop xserver-wrapper[1415]: (II) Module libinput: vendor="X.Org Foundation"
Jul 21 19:06:54 X0NixOSLaptop xserver-wrapper[1415]:         compiled for 1.21.1.18, module version = 1.5.0
Jul 21 19:06:54 X0NixOSLaptop xserver-wrapper[1415]:         Module class: X.Org XInput Driver
Jul 21 19:06:54 X0NixOSLaptop xserver-wrapper[1415]:         ABI class: X.Org XInput driver, version 24.4
Jul 21 19:06:54 X0NixOSLaptop xserver-wrapper[1415]: (II) Using input driver 'libinput' for 'Video Bus'
Jul 21 19:06:54 X0NixOSLaptop xserver-wrapper[1415]: (**) Video Bus: always reports core events
Jul 21 19:06:54 X0NixOSLaptop xserver-wrapper[1415]: (**) Option "Device" "/dev/input/event11"
Jul 21 19:06:54 X0NixOSLaptop xserver-wrapper[1415]: (II) event11 - Video Bus: is tagged by udev as: Keyboard
Jul 21 19:06:54 X0NixOSLaptop xserver-wrapper[1415]: (II) event11 - Video Bus: device is a keyboard
Jul 21 19:06:54 X0NixOSLaptop xserver-wrapper[1415]: (II) event11 - Video Bus: device removed
Jul 21 19:06:54 X0NixOSLaptop xserver-wrapper[1415]: (**) Option "config_info" "udev:/sys/devices/LNXSYSTM:00/LNXSYBUS:00/PNP0A08:00/LNXVIDEO:01/input/input13/event11"
Jul 21 19:06:54 X0NixOSLaptop xserver-wrapper[1415]: (II) XINPUT: Adding extended input device "Video Bus" (type: KEYBOARD, id 6)
Jul 21 19:06:54 X0NixOSLaptop xserver-wrapper[1415]: (**) Option "xkb_model" "pc104"
Jul 21 19:06:54 X0NixOSLaptop xserver-wrapper[1415]: (**) Option "xkb_layout" "us"
Jul 21 19:06:54 X0NixOSLaptop xserver-wrapper[1415]: (WW) Option "xkb_variant" requires a string value
Jul 21 19:06:54 X0NixOSLaptop xserver-wrapper[1415]: (**) Option "xkb_options" "terminate:ctrl_alt_bksp"
Jul 21 19:06:54 X0NixOSLaptop xserver-wrapper[1427]: The XKEYBOARD keymap compiler (xkbcomp) reports:
Jul 21 19:06:54 X0NixOSLaptop xserver-wrapper[1427]: > Warning:          Could not resolve keysym XF86RefreshRateToggle
Jul 21 19:06:54 X0NixOSLaptop xserver-wrapper[1427]: > Warning:          Could not resolve keysym XF86Accessibility
Jul 21 19:06:54 X0NixOSLaptop xserver-wrapper[1427]: > Warning:          Could not resolve keysym XF86DoNotDisturb
Jul 21 19:06:54 X0NixOSLaptop xserver-wrapper[1427]: Errors from xkbcomp are not fatal to the X server
Jul 21 19:06:54 X0NixOSLaptop xserver-wrapper[1415]: (II) event11 - Video Bus: is tagged by udev as: Keyboard
Jul 21 19:06:54 X0NixOSLaptop xserver-wrapper[1415]: (II) event11 - Video Bus: device is a keyboard
Jul 21 19:06:54 X0NixOSLaptop xserver-wrapper[1415]: (II) config/udev: Adding input device Video Bus (/dev/input/event10)
Jul 21 19:06:54 X0NixOSLaptop xserver-wrapper[1415]: (**) Video Bus: Applying InputClass "Keyboard catchall"
Jul 21 19:06:54 X0NixOSLaptop xserver-wrapper[1415]: (**) Video Bus: Applying InputClass "evdev keyboard catchall"
Jul 21 19:06:54 X0NixOSLaptop xserver-wrapper[1415]: (**) Video Bus: Applying InputClass "libinput keyboard catchall"
Jul 21 19:06:54 X0NixOSLaptop xserver-wrapper[1415]: (II) Using input driver 'libinput' for 'Video Bus'
Jul 21 19:06:54 X0NixOSLaptop xserver-wrapper[1415]: (**) Video Bus: always reports core events
Jul 21 19:06:54 X0NixOSLaptop xserver-wrapper[1415]: (**) Option "Device" "/dev/input/event10"
Jul 21 19:06:54 X0NixOSLaptop xserver-wrapper[1415]: (II) event10 - Video Bus: is tagged by udev as: Keyboard
Jul 21 19:06:54 X0NixOSLaptop xserver-wrapper[1415]: (II) event10 - Video Bus: device is a keyboard
Jul 21 19:06:54 X0NixOSLaptop xserver-wrapper[1415]: (II) event10 - Video Bus: device removed
Jul 21 19:06:54 X0NixOSLaptop xserver-wrapper[1415]: (**) Option "config_info" "udev:/sys/devices/LNXSYSTM:00/LNXSYBUS:00/PNP0A08:00/device:17/LNXVIDEO:00/input/input12/event10"
Jul 21 19:06:54 X0NixOSLaptop xserver-wrapper[1415]: (II) XINPUT: Adding extended input device "Video Bus" (type: KEYBOARD, id 7)
Jul 21 19:06:54 X0NixOSLaptop xserver-wrapper[1415]: (**) Option "xkb_model" "pc104"
Jul 21 19:06:54 X0NixOSLaptop xserver-wrapper[1415]: (**) Option "xkb_layout" "us"
Jul 21 19:06:54 X0NixOSLaptop xserver-wrapper[1415]: (WW) Option "xkb_variant" requires a string value
Jul 21 19:06:54 X0NixOSLaptop xserver-wrapper[1415]: (**) Option "xkb_options" "terminate:ctrl_alt_bksp"
Jul 21 19:06:54 X0NixOSLaptop xserver-wrapper[1415]: (II) event10 - Video Bus: is tagged by udev as: Keyboard
Jul 21 19:06:54 X0NixOSLaptop xserver-wrapper[1415]: (II) event10 - Video Bus: device is a keyboard
Jul 21 19:06:54 X0NixOSLaptop xserver-wrapper[1415]: (II) config/udev: Adding input device Power Button (/dev/input/event1)
Jul 21 19:06:54 X0NixOSLaptop xserver-wrapper[1415]: (**) Power Button: Applying InputClass "Keyboard catchall"
Jul 21 19:06:54 X0NixOSLaptop xserver-wrapper[1415]: (**) Power Button: Applying InputClass "evdev keyboard catchall"
Jul 21 19:06:54 X0NixOSLaptop xserver-wrapper[1415]: (**) Power Button: Applying InputClass "libinput keyboard catchall"
Jul 21 19:06:54 X0NixOSLaptop xserver-wrapper[1415]: (II) Using input driver 'libinput' for 'Power Button'
Jul 21 19:06:54 X0NixOSLaptop xserver-wrapper[1415]: (**) Power Button: always reports core events
Jul 21 19:06:54 X0NixOSLaptop xserver-wrapper[1415]: (**) Option "Device" "/dev/input/event1"
Jul 21 19:06:54 X0NixOSLaptop xserver-wrapper[1415]: (II) event1  - Power Button: is tagged by udev as: Keyboard
Jul 21 19:06:54 X0NixOSLaptop xserver-wrapper[1415]: (II) event1  - Power Button: device is a keyboard
Jul 21 19:06:54 X0NixOSLaptop xserver-wrapper[1415]: (II) event1  - Power Button: device removed
Jul 21 19:06:54 X0NixOSLaptop xserver-wrapper[1415]: (**) Option "config_info" "udev:/sys/devices/LNXSYSTM:00/LNXSYBUS:00/PNP0C0C:00/input/input1/event1"
Jul 21 19:06:54 X0NixOSLaptop xserver-wrapper[1415]: (II) XINPUT: Adding extended input device "Power Button" (type: KEYBOARD, id 8)
Jul 21 19:06:54 X0NixOSLaptop xserver-wrapper[1415]: (**) Option "xkb_model" "pc104"
Jul 21 19:06:54 X0NixOSLaptop xserver-wrapper[1415]: (**) Option "xkb_layout" "us"
Jul 21 19:06:54 X0NixOSLaptop xserver-wrapper[1415]: (WW) Option "xkb_variant" requires a string value
Jul 21 19:06:54 X0NixOSLaptop xserver-wrapper[1415]: (**) Option "xkb_options" "terminate:ctrl_alt_bksp"
Jul 21 19:06:54 X0NixOSLaptop xserver-wrapper[1415]: (II) event1  - Power Button: is tagged by udev as: Keyboard
Jul 21 19:06:54 X0NixOSLaptop xserver-wrapper[1415]: (II) event1  - Power Button: device is a keyboard
Jul 21 19:06:54 X0NixOSLaptop xserver-wrapper[1415]: (II) config/udev: Adding input device Lid Switch (/dev/input/event2)
Jul 21 19:06:54 X0NixOSLaptop xserver-wrapper[1415]: (II) No input driver specified, ignoring this device.
Jul 21 19:06:54 X0NixOSLaptop xserver-wrapper[1415]: (II) This device may have been added with another device file.
Jul 21 19:06:54 X0NixOSLaptop xserver-wrapper[1415]: (II) config/udev: Adding input device HDA NVidia HDMI/DP,pcm=3 (/dev/input/event5)
Jul 21 19:06:54 X0NixOSLaptop xserver-wrapper[1415]: (II) No input driver specified, ignoring this device.
Jul 21 19:06:54 X0NixOSLaptop xserver-wrapper[1415]: (II) This device may have been added with another device file.
Jul 21 19:06:54 X0NixOSLaptop xserver-wrapper[1415]: (II) config/udev: Adding input device HDA NVidia HDMI/DP,pcm=7 (/dev/input/event6)
Jul 21 19:06:54 X0NixOSLaptop xserver-wrapper[1415]: (II) No input driver specified, ignoring this device.
Jul 21 19:06:54 X0NixOSLaptop xserver-wrapper[1415]: (II) This device may have been added with another device file.
Jul 21 19:06:54 X0NixOSLaptop xserver-wrapper[1415]: (II) config/udev: Adding input device HDA NVidia HDMI/DP,pcm=8 (/dev/input/event7)
Jul 21 19:06:54 X0NixOSLaptop xserver-wrapper[1415]: (II) No input driver specified, ignoring this device.
Jul 21 19:06:54 X0NixOSLaptop xserver-wrapper[1415]: (II) This device may have been added with another device file.
Jul 21 19:06:54 X0NixOSLaptop xserver-wrapper[1415]: (II) config/udev: Adding input device HDA NVidia HDMI/DP,pcm=9 (/dev/input/event8)
Jul 21 19:06:54 X0NixOSLaptop xserver-wrapper[1415]: (II) No input driver specified, ignoring this device.
Jul 21 19:06:54 X0NixOSLaptop xserver-wrapper[1415]: (II) This device may have been added with another device file.
Jul 21 19:06:54 X0NixOSLaptop xserver-wrapper[1415]: (II) config/udev: Adding input device ASUP1A04:00 093A:300B Mouse (/dev/input/event4)
Jul 21 19:06:54 X0NixOSLaptop xserver-wrapper[1415]: (**) ASUP1A04:00 093A:300B Mouse: Applying InputClass "evdev pointer catchall"
Jul 21 19:06:54 X0NixOSLaptop xserver-wrapper[1415]: (**) ASUP1A04:00 093A:300B Mouse: Applying InputClass "libinput pointer catchall"
Jul 21 19:06:54 X0NixOSLaptop xserver-wrapper[1415]: (**) ASUP1A04:00 093A:300B Mouse: Applying InputClass "libinput mouse configuration"
Jul 21 19:06:54 X0NixOSLaptop xserver-wrapper[1415]: (II) Using input driver 'libinput' for 'ASUP1A04:00 093A:300B Mouse'
Jul 21 19:06:54 X0NixOSLaptop xserver-wrapper[1415]: (**) ASUP1A04:00 093A:300B Mouse: always reports core events
Jul 21 19:06:54 X0NixOSLaptop xserver-wrapper[1415]: (**) Option "Device" "/dev/input/event4"
Jul 21 19:06:54 X0NixOSLaptop xserver-wrapper[1415]: (II) event4  - ASUP1A04:00 093A:300B Mouse: is tagged by udev as: Mouse Pointingstick
Jul 21 19:06:54 X0NixOSLaptop xserver-wrapper[1415]: (II) event4  - ASUP1A04:00 093A:300B Mouse: device is a pointer
Jul 21 19:06:54 X0NixOSLaptop xserver-wrapper[1415]: (II) event4  - ASUP1A04:00 093A:300B Mouse: device removed
Jul 21 19:06:54 X0NixOSLaptop xserver-wrapper[1415]: (**) Option "AccelProfile" "adaptive"
Jul 21 19:06:54 X0NixOSLaptop xserver-wrapper[1415]: (II) libinput: ASUP1A04:00 093A:300B Mouse: Step value 0 was provided, libinput Fallback acceleration function is used.
Jul 21 19:06:54 X0NixOSLaptop xserver-wrapper[1415]: (II) libinput: ASUP1A04:00 093A:300B Mouse: Step value 0 was provided, libinput Fallback acceleration function is used.
Jul 21 19:06:54 X0NixOSLaptop xserver-wrapper[1415]: (II) libinput: ASUP1A04:00 093A:300B Mouse: Step value 0 was provided, libinput Fallback acceleration function is used.
Jul 21 19:06:54 X0NixOSLaptop xserver-wrapper[1415]: (**) Option "NaturalScrolling" "off"
Jul 21 19:06:54 X0NixOSLaptop xserver-wrapper[1415]: (**) Option "SendEventsMode" "enabled"
Jul 21 19:06:54 X0NixOSLaptop xserver-wrapper[1415]: (**) Option "LeftHanded" "off"
Jul 21 19:06:54 X0NixOSLaptop xserver-wrapper[1415]: (**) Option "ScrollMethod" "twofinger"
Jul 21 19:06:54 X0NixOSLaptop xserver-wrapper[1415]: (**) Option "HorizontalScrolling" "on"
Jul 21 19:06:54 X0NixOSLaptop xserver-wrapper[1415]: (**) Option "config_info" "udev:/sys/devices/pci0000:00/0000:00:15.1/i2c_designware.1/i2c-2/i2c-ASUP1A04:00/0018:093A:300B.0002/input/input10/event4"
Jul 21 19:06:54 X0NixOSLaptop xserver-wrapper[1415]: (II) XINPUT: Adding extended input device "ASUP1A04:00 093A:300B Mouse" (type: MOUSE, id 9)
Jul 21 19:06:54 X0NixOSLaptop xserver-wrapper[1415]: (EE) libinput: ASUP1A04:00 093A:300B Mouse: Failed to set scroll to twofinger
Jul 21 19:06:54 X0NixOSLaptop xserver-wrapper[1415]: (**) Option "AccelerationScheme" "none"
Jul 21 19:06:54 X0NixOSLaptop xserver-wrapper[1415]: (**) ASUP1A04:00 093A:300B Mouse: (accel) selected scheme none/0
Jul 21 19:06:54 X0NixOSLaptop xserver-wrapper[1415]: (**) ASUP1A04:00 093A:300B Mouse: (accel) acceleration factor: 2.000
Jul 21 19:06:54 X0NixOSLaptop xserver-wrapper[1415]: (**) ASUP1A04:00 093A:300B Mouse: (accel) acceleration threshold: 4
Jul 21 19:06:54 X0NixOSLaptop xserver-wrapper[1415]: (II) event4  - ASUP1A04:00 093A:300B Mouse: is tagged by udev as: Mouse Pointingstick
Jul 21 19:06:54 X0NixOSLaptop xserver-wrapper[1415]: (II) event4  - ASUP1A04:00 093A:300B Mouse: device is a pointer
Jul 21 19:06:54 X0NixOSLaptop xserver-wrapper[1415]: (EE) libinput: ASUP1A04:00 093A:300B Mouse: Failed to set scroll to twofinger
Jul 21 19:06:54 X0NixOSLaptop xserver-wrapper[1415]: (II) config/udev: Adding input device ASUP1A04:00 093A:300B Mouse (/dev/input/mouse0)
Jul 21 19:06:54 X0NixOSLaptop xserver-wrapper[1415]: (II) No input driver specified, ignoring this device.
Jul 21 19:06:54 X0NixOSLaptop xserver-wrapper[1415]: (II) This device may have been added with another device file.
Jul 21 19:06:54 X0NixOSLaptop xserver-wrapper[1415]: (II) config/udev: Adding input device ASUP1A04:00 093A:300B Touchpad (/dev/input/event9)
Jul 21 19:06:54 X0NixOSLaptop xserver-wrapper[1415]: (**) ASUP1A04:00 093A:300B Touchpad: Applying InputClass "evdev touchpad catchall"
Jul 21 19:06:54 X0NixOSLaptop xserver-wrapper[1415]: (**) ASUP1A04:00 093A:300B Touchpad: Applying InputClass "libinput touchpad catchall"
Jul 21 19:06:54 X0NixOSLaptop xserver-wrapper[1415]: (**) ASUP1A04:00 093A:300B Touchpad: Applying InputClass "libinput touchpad configuration"
Jul 21 19:06:54 X0NixOSLaptop xserver-wrapper[1415]: (II) Using input driver 'libinput' for 'ASUP1A04:00 093A:300B Touchpad'
Jul 21 19:06:54 X0NixOSLaptop xserver-wrapper[1415]: (**) ASUP1A04:00 093A:300B Touchpad: always reports core events
Jul 21 19:06:54 X0NixOSLaptop xserver-wrapper[1415]: (**) Option "Device" "/dev/input/event9"
Jul 21 19:06:54 X0NixOSLaptop xserver-wrapper[1415]: (II) event9  - ASUP1A04:00 093A:300B Touchpad: is tagged by udev as: Touchpad
Jul 21 19:06:54 X0NixOSLaptop xserver-wrapper[1415]: (II) event9  - ASUP1A04:00 093A:300B Touchpad: device is a touchpad
Jul 21 19:06:54 X0NixOSLaptop xserver-wrapper[1415]: (II) event9  - ASUP1A04:00 093A:300B Touchpad: device removed
Jul 21 19:06:54 X0NixOSLaptop xserver-wrapper[1415]: (**) Option "Tapping" "on"
Jul 21 19:06:54 X0NixOSLaptop xserver-wrapper[1415]: (**) Option "TappingDragLock" "on"
Jul 21 19:06:54 X0NixOSLaptop xserver-wrapper[1415]: (**) Option "AccelProfile" "adaptive"
Jul 21 19:06:54 X0NixOSLaptop xserver-wrapper[1415]: (II) libinput: ASUP1A04:00 093A:300B Touchpad: Step value 0 was provided, libinput Fallback acceleration function is used.
Jul 21 19:06:54 X0NixOSLaptop xserver-wrapper[1415]: (II) libinput: ASUP1A04:00 093A:300B Touchpad: Step value 0 was provided, libinput Fallback acceleration function is used.
Jul 21 19:06:54 X0NixOSLaptop xserver-wrapper[1415]: (II) libinput: ASUP1A04:00 093A:300B Touchpad: Step value 0 was provided, libinput Fallback acceleration function is used.
Jul 21 19:06:54 X0NixOSLaptop xserver-wrapper[1415]: (**) Option "NaturalScrolling" "off"
Jul 21 19:06:54 X0NixOSLaptop xserver-wrapper[1415]: (**) Option "SendEventsMode" "enabled"
Jul 21 19:06:54 X0NixOSLaptop xserver-wrapper[1415]: (**) Option "LeftHanded" "off"
Jul 21 19:06:54 X0NixOSLaptop xserver-wrapper[1415]: (**) Option "ScrollMethod" "twofinger"
Jul 21 19:06:54 X0NixOSLaptop xserver-wrapper[1415]: (**) Option "MiddleEmulation" "on"
Jul 21 19:06:54 X0NixOSLaptop xserver-wrapper[1415]: (**) Option "DisableWhileTyping" "off"
Jul 21 19:06:54 X0NixOSLaptop xserver-wrapper[1415]: (**) Option "HorizontalScrolling" "on"
Jul 21 19:06:54 X0NixOSLaptop xserver-wrapper[1415]: (**) Option "config_info" "udev:/sys/devices/pci0000:00/0000:00:15.1/i2c_designware.1/i2c-2/i2c-ASUP1A04:00/0018:093A:300B.0002/input/input11/event9"
Jul 21 19:06:54 X0NixOSLaptop xserver-wrapper[1415]: (II) XINPUT: Adding extended input device "ASUP1A04:00 093A:300B Touchpad" (type: TOUCHPAD, id 10)
Jul 21 19:06:54 X0NixOSLaptop xserver-wrapper[1415]: (**) Option "AccelerationScheme" "none"
Jul 21 19:06:54 X0NixOSLaptop xserver-wrapper[1415]: (**) ASUP1A04:00 093A:300B Touchpad: (accel) selected scheme none/0
Jul 21 19:06:54 X0NixOSLaptop xserver-wrapper[1415]: (**) ASUP1A04:00 093A:300B Touchpad: (accel) acceleration factor: 2.000
Jul 21 19:06:54 X0NixOSLaptop xserver-wrapper[1415]: (**) ASUP1A04:00 093A:300B Touchpad: (accel) acceleration threshold: 4
Jul 21 19:06:54 X0NixOSLaptop xserver-wrapper[1415]: (II) event9  - ASUP1A04:00 093A:300B Touchpad: is tagged by udev as: Touchpad
Jul 21 19:06:54 X0NixOSLaptop xserver-wrapper[1415]: (II) event9  - ASUP1A04:00 093A:300B Touchpad: device is a touchpad
Jul 21 19:06:54 X0NixOSLaptop xserver-wrapper[1415]: (II) config/udev: Adding input device ASUP1A04:00 093A:300B Touchpad (/dev/input/mouse1)
Jul 21 19:06:54 X0NixOSLaptop xserver-wrapper[1415]: (II) No input driver specified, ignoring this device.
Jul 21 19:06:54 X0NixOSLaptop xserver-wrapper[1415]: (II) This device may have been added with another device file.
Jul 21 19:06:54 X0NixOSLaptop xserver-wrapper[1415]: (II) config/udev: Adding input device sof-hda-dsp Headset Mic (/dev/input/event12)
Jul 21 19:06:54 X0NixOSLaptop xserver-wrapper[1415]: (II) No input driver specified, ignoring this device.
Jul 21 19:06:54 X0NixOSLaptop xserver-wrapper[1415]: (II) This device may have been added with another device file.
Jul 21 19:06:54 X0NixOSLaptop xserver-wrapper[1415]: (II) config/udev: Adding input device sof-hda-dsp Headphone (/dev/input/event13)
Jul 21 19:06:54 X0NixOSLaptop xserver-wrapper[1415]: (II) No input driver specified, ignoring this device.
Jul 21 19:06:54 X0NixOSLaptop xserver-wrapper[1415]: (II) This device may have been added with another device file.
Jul 21 19:06:54 X0NixOSLaptop xserver-wrapper[1415]: (II) config/udev: Adding input device sof-hda-dsp HDMI/DP,pcm=3 (/dev/input/event14)
Jul 21 19:06:54 X0NixOSLaptop xserver-wrapper[1415]: (II) No input driver specified, ignoring this device.
Jul 21 19:06:54 X0NixOSLaptop xserver-wrapper[1415]: (II) This device may have been added with another device file.
Jul 21 19:06:54 X0NixOSLaptop xserver-wrapper[1415]: (II) config/udev: Adding input device sof-hda-dsp HDMI/DP,pcm=4 (/dev/input/event15)
Jul 21 19:06:54 X0NixOSLaptop xserver-wrapper[1415]: (II) No input driver specified, ignoring this device.
Jul 21 19:06:54 X0NixOSLaptop xserver-wrapper[1415]: (II) This device may have been added with another device file.
Jul 21 19:06:54 X0NixOSLaptop xserver-wrapper[1415]: (II) config/udev: Adding input device sof-hda-dsp HDMI/DP,pcm=5 (/dev/input/event16)
Jul 21 19:06:54 X0NixOSLaptop xserver-wrapper[1415]: (II) No input driver specified, ignoring this device.
Jul 21 19:06:54 X0NixOSLaptop xserver-wrapper[1415]: (II) This device may have been added with another device file.
Jul 21 19:06:54 X0NixOSLaptop xserver-wrapper[1415]: (II) config/udev: Adding input device Asus WMI hotkeys (/dev/input/event3)
Jul 21 19:06:54 X0NixOSLaptop xserver-wrapper[1415]: (**) Asus WMI hotkeys: Applying InputClass "Keyboard catchall"
Jul 21 19:06:54 X0NixOSLaptop xserver-wrapper[1415]: (**) Asus WMI hotkeys: Applying InputClass "evdev keyboard catchall"
Jul 21 19:06:54 X0NixOSLaptop xserver-wrapper[1415]: (**) Asus WMI hotkeys: Applying InputClass "libinput keyboard catchall"
Jul 21 19:06:54 X0NixOSLaptop xserver-wrapper[1415]: (II) Using input driver 'libinput' for 'Asus WMI hotkeys'
Jul 21 19:06:54 X0NixOSLaptop xserver-wrapper[1415]: (**) Asus WMI hotkeys: always reports core events
Jul 21 19:06:54 X0NixOSLaptop xserver-wrapper[1415]: (**) Option "Device" "/dev/input/event3"
Jul 21 19:06:54 X0NixOSLaptop xserver-wrapper[1415]: (II) event3  - Asus WMI hotkeys: is tagged by udev as: Keyboard
Jul 21 19:06:54 X0NixOSLaptop xserver-wrapper[1415]: (II) event3  - Asus WMI hotkeys: device is a keyboard
Jul 21 19:06:54 X0NixOSLaptop xserver-wrapper[1415]: (II) event3  - Asus WMI hotkeys: device removed
Jul 21 19:06:54 X0NixOSLaptop xserver-wrapper[1415]: (**) Option "config_info" "udev:/sys/devices/platform/asus-nb-wmi/input/input9/event3"
Jul 21 19:06:54 X0NixOSLaptop xserver-wrapper[1415]: (II) XINPUT: Adding extended input device "Asus WMI hotkeys" (type: KEYBOARD, id 11)
Jul 21 19:06:54 X0NixOSLaptop xserver-wrapper[1415]: (**) Option "xkb_model" "pc104"
Jul 21 19:06:54 X0NixOSLaptop xserver-wrapper[1415]: (**) Option "xkb_layout" "us"
Jul 21 19:06:54 X0NixOSLaptop xserver-wrapper[1415]: (WW) Option "xkb_variant" requires a string value
Jul 21 19:06:54 X0NixOSLaptop xserver-wrapper[1415]: (**) Option "xkb_options" "terminate:ctrl_alt_bksp"
Jul 21 19:06:54 X0NixOSLaptop xserver-wrapper[1415]: (II) event3  - Asus WMI hotkeys: is tagged by udev as: Keyboard
Jul 21 19:06:54 X0NixOSLaptop xserver-wrapper[1415]: (II) event3  - Asus WMI hotkeys: device is a keyboard
Jul 21 19:06:54 X0NixOSLaptop xserver-wrapper[1415]: (II) config/udev: Adding input device AT Translated Set 2 keyboard (/dev/input/event0)
Jul 21 19:06:54 X0NixOSLaptop xserver-wrapper[1415]: (**) AT Translated Set 2 keyboard: Applying InputClass "Keyboard catchall"
Jul 21 19:06:54 X0NixOSLaptop xserver-wrapper[1415]: (**) AT Translated Set 2 keyboard: Applying InputClass "evdev keyboard catchall"
Jul 21 19:06:54 X0NixOSLaptop xserver-wrapper[1415]: (**) AT Translated Set 2 keyboard: Applying InputClass "libinput keyboard catchall"
Jul 21 19:06:54 X0NixOSLaptop xserver-wrapper[1415]: (II) Using input driver 'libinput' for 'AT Translated Set 2 keyboard'
Jul 21 19:06:54 X0NixOSLaptop xserver-wrapper[1415]: (**) AT Translated Set 2 keyboard: always reports core events
Jul 21 19:06:54 X0NixOSLaptop xserver-wrapper[1415]: (**) Option "Device" "/dev/input/event0"
Jul 21 19:06:54 X0NixOSLaptop xserver-wrapper[1415]: (II) event0  - AT Translated Set 2 keyboard: is tagged by udev as: Keyboard
Jul 21 19:06:54 X0NixOSLaptop xserver-wrapper[1415]: (II) event0  - AT Translated Set 2 keyboard: device is a keyboard
Jul 21 19:06:54 X0NixOSLaptop xserver-wrapper[1415]: (II) event0  - AT Translated Set 2 keyboard: device removed
Jul 21 19:06:54 X0NixOSLaptop xserver-wrapper[1415]: (**) Option "config_info" "udev:/sys/devices/platform/i8042/serio0/input/input0/event0"
Jul 21 19:06:54 X0NixOSLaptop xserver-wrapper[1415]: (II) XINPUT: Adding extended input device "AT Translated Set 2 keyboard" (type: KEYBOARD, id 12)
Jul 21 19:06:54 X0NixOSLaptop xserver-wrapper[1415]: (**) Option "xkb_model" "pc104"
Jul 21 19:06:54 X0NixOSLaptop xserver-wrapper[1415]: (**) Option "xkb_layout" "us"
Jul 21 19:06:54 X0NixOSLaptop xserver-wrapper[1415]: (WW) Option "xkb_variant" requires a string value
Jul 21 19:06:54 X0NixOSLaptop xserver-wrapper[1415]: (**) Option "xkb_options" "terminate:ctrl_alt_bksp"
Jul 21 19:06:54 X0NixOSLaptop xserver-wrapper[1415]: (II) event0  - AT Translated Set 2 keyboard: is tagged by udev as: Keyboard
Jul 21 19:06:54 X0NixOSLaptop xserver-wrapper[1415]: (II) event0  - AT Translated Set 2 keyboard: device is a keyboard
Jul 21 19:06:54 X0NixOSLaptop sddm[1412]: Setting default cursor
Jul 21 19:06:54 X0NixOSLaptop sddm[1412]: Could not setup default cursor
Jul 21 19:06:54 X0NixOSLaptop sddm[1412]: Running display setup script  "/nix/store/c54gy70vg4lzii3d5kp6s8cb1f1pixzd-Xsetup"
Jul 21 19:06:54 X0NixOSLaptop sddm[1412]: Display server started.
Jul 21 19:06:54 X0NixOSLaptop sddm[1412]: Socket server starting...
Jul 21 19:06:54 X0NixOSLaptop sddm[1412]: Socket server started.
Jul 21 19:06:54 X0NixOSLaptop sddm[1412]: Loaded empty theme configuration
Jul 21 19:06:54 X0NixOSLaptop sddm[1412]: Greeter starting...
Jul 21 19:06:54 X0NixOSLaptop sddm-helper[1437]: [PAM] Starting...
Jul 21 19:06:54 X0NixOSLaptop sddm-helper[1437]: [PAM] Authenticating...
Jul 21 19:06:54 X0NixOSLaptop sddm-helper[1437]: [PAM] returning.
Jul 21 19:06:54 X0NixOSLaptop xserver-wrapper[1415]: (II) modeset(0): EDID vendor "SDC", prod id 16737
Jul 21 19:06:54 X0NixOSLaptop xserver-wrapper[1415]: (II) modeset(0): Printing DDC gathered Modelines:
Jul 21 19:06:54 X0NixOSLaptop xserver-wrapper[1415]: (II) modeset(0): Modeline "1920x1080"x0.0  138.77  1920 1968 2000 2080  1080 1088 1096 1112 +hsync -vsync (66.7 kHz eP)
Jul 21 19:06:54 X0NixOSLaptop xserver-wrapper[1415]: (II) config/udev: removing GPU device /sys/devices/pci0000:00/0000:00:01.0/0000:01:00.0/drm/card0 /dev/dri/card0
Jul 21 19:06:54 X0NixOSLaptop xserver-wrapper[1415]: (II) config/udev: Adding drm device (/dev/dri/card0)
Jul 21 19:06:54 X0NixOSLaptop xserver-wrapper[1415]: (II) xfree86: Adding drm device (/dev/dri/card0)
Jul 21 19:06:54 X0NixOSLaptop xserver-wrapper[1415]: (II) Platform probe for /sys/devices/pci0000:00/0000:00:01.0/0000:01:00.0/drm/card0
Jul 21 19:06:54 X0NixOSLaptop xserver-wrapper[1415]: (II) LoadModule: "modesetting"
Jul 21 19:06:54 X0NixOSLaptop xserver-wrapper[1415]: (II) Loading /nix/store/vpwqd2q5y5azvjbjfxfh5g1dgcrs93vw-xorg-server-21.1.18/lib/xorg/modules/drivers/modesetting_drv.so
Jul 21 19:06:54 X0NixOSLaptop xserver-wrapper[1415]: (II) Module modesetting: vendor="X.Org Foundation"
Jul 21 19:06:54 X0NixOSLaptop xserver-wrapper[1415]:         compiled for 1.21.1.18, module version = 1.21.1
Jul 21 19:06:54 X0NixOSLaptop xserver-wrapper[1415]:         Module class: X.Org Video Driver
Jul 21 19:06:54 X0NixOSLaptop xserver-wrapper[1415]:         ABI class: X.Org Video Driver, version 25.2
Jul 21 19:06:54 X0NixOSLaptop xserver-wrapper[1415]: (II) UnloadModule: "modesetting"
Jul 21 19:06:54 X0NixOSLaptop xserver-wrapper[1415]: (II) Unloading modesetting
Jul 21 19:06:54 X0NixOSLaptop xserver-wrapper[1415]: (II) Failed to load module "modesetting" (already loaded, 0)
Jul 21 19:06:54 X0NixOSLaptop xserver-wrapper[1415]: (II) modeset(G0): using drv /dev/dri/card0
Jul 21 19:06:54 X0NixOSLaptop xserver-wrapper[1415]: (==) modeset(G0): Depth 24, (==) framebuffer bpp 32
Jul 21 19:06:54 X0NixOSLaptop xserver-wrapper[1415]: (==) modeset(G0): RGB weight 888
Jul 21 19:06:54 X0NixOSLaptop xserver-wrapper[1415]: (==) modeset(G0): Default visual is TrueColor
Jul 21 19:06:54 X0NixOSLaptop xserver-wrapper[1415]: (II) Loading sub module "glamoregl"
Jul 21 19:06:54 X0NixOSLaptop xserver-wrapper[1415]: (II) LoadModule: "glamoregl"
Jul 21 19:06:54 X0NixOSLaptop xserver-wrapper[1415]: (II) Loading /nix/store/vpwqd2q5y5azvjbjfxfh5g1dgcrs93vw-xorg-server-21.1.18/lib/xorg/modules/libglamoregl.so
Jul 21 19:06:54 X0NixOSLaptop xserver-wrapper[1415]: (II) Module glamoregl: vendor="X.Org Foundation"
Jul 21 19:06:54 X0NixOSLaptop xserver-wrapper[1415]:         compiled for 1.21.1.18, module version = 1.0.1
Jul 21 19:06:54 X0NixOSLaptop xserver-wrapper[1415]:         ABI class: X.Org ANSI C Emulation, version 0.4
Jul 21 19:06:54 X0NixOSLaptop sddm-helper[1437]: Writing cookie to "/tmp/xauth_aCcnHA"
Jul 21 19:06:54 X0NixOSLaptop sddm-helper[1437]: Starting X11 session: "" "/nix/store/5c07iig7hhb9vc1l5y646ppgb29vq70f-sddm-wrapped/bin/sddm-greeter --socket /tmp/sddm-:0-KadsJu"
Jul 21 19:06:54 X0NixOSLaptop sddm[1412]: Greeter session started successfully
Jul 21 19:06:54 X0NixOSLaptop xserver-wrapper[1415]: (II) modeset(G0): glamor X acceleration enabled on zink Vulkan 1.4(NVIDIA GeForce RTX 3050 6GB Laptop GPU (NVK GA107) (MESA_NVK))
Jul 21 19:06:54 X0NixOSLaptop xserver-wrapper[1415]: (II) modeset(G0): glamor initialized
Jul 21 19:06:54 X0NixOSLaptop xserver-wrapper[1415]: (II) modeset(G0): Output HDMI-1-1 has no monitor section
Jul 21 19:06:54 X0NixOSLaptop xserver-wrapper[1415]: (II) modeset(G0): Output eDP-1-2 has no monitor section
Jul 21 19:06:54 X0NixOSLaptop xserver-wrapper[1415]: (==) modeset(G0): Using gamma correction (1.0, 1.0, 1.0)
Jul 21 19:06:54 X0NixOSLaptop xserver-wrapper[1415]: (**) modeset(G0): Display dimensions: (340, 190) mm
Jul 21 19:06:54 X0NixOSLaptop xserver-wrapper[1415]: (**) modeset(G0): DPI set to (76, 102)
Jul 21 19:06:54 X0NixOSLaptop xserver-wrapper[1415]: (II) Loading sub module "fb"
Jul 21 19:06:54 X0NixOSLaptop xserver-wrapper[1415]: (II) LoadModule: "fb"
Jul 21 19:06:54 X0NixOSLaptop xserver-wrapper[1415]: (II) Module "fb" already built-in
Jul 21 19:06:54 X0NixOSLaptop xserver-wrapper[1415]: (==) modeset(G0): Backing store enabled
Jul 21 19:06:54 X0NixOSLaptop xserver-wrapper[1415]: (==) modeset(G0): Silken mouse enabled
Jul 21 19:06:54 X0NixOSLaptop xserver-wrapper[1415]: (II) modeset(G0): Initializing kms color map for depth 24, 8 bpc.
Jul 21 19:06:54 X0NixOSLaptop xserver-wrapper[1415]: (==) modeset(G0): DPMS enabled
Jul 21 19:06:54 X0NixOSLaptop xserver-wrapper[1415]: (II) modeset(G0): [DRI2] Setup complete
Jul 21 19:06:54 X0NixOSLaptop xserver-wrapper[1415]: (II) modeset(G0): [DRI2]   DRI driver: zink
Jul 21 19:06:54 X0NixOSLaptop xserver-wrapper[1415]: (II) modeset(G0): [DRI2]   VDPAU driver: zink
Jul 21 19:06:54 X0NixOSLaptop xserver-wrapper[1415]: (II) modeset(G0): Damage tracking initialized
Jul 21 19:06:54 X0NixOSLaptop xserver-wrapper[1415]: xf86: found device 2
Jul 21 19:06:54 X0NixOSLaptop sddm[1412]: Message received from greeter: Connect
Jul 21 19:07:47 X0NixOSLaptop sddm[1412]: Message received from greeter: Login
Jul 21 19:07:47 X0NixOSLaptop sddm[1412]: Reading from "/nix/store/8fksqzrambqd8i46sxkxk1nwnd9srlj3-desktops/share/xsessions/none+awesome.desktop"
Jul 21 19:07:47 X0NixOSLaptop sddm[1412]: Session "/nix/store/8fksqzrambqd8i46sxkxk1nwnd9srlj3-desktops/share/xsessions/none+awesome.desktop" selected, command: "/nix/store/d4vfgilz2xfv1cax8b1g2js055wrfhsb-xsession" for VT 2
Jul 21 19:07:47 X0NixOSLaptop sddm-helper[1612]: [PAM] Starting...
Jul 21 19:07:47 X0NixOSLaptop sddm-helper[1612]: [PAM] Authenticating...
Jul 21 19:07:47 X0NixOSLaptop sddm-helper[1612]: [PAM] Preparing to converse...
Jul 21 19:07:47 X0NixOSLaptop sddm-helper[1612]: [PAM] Conversation with 1 messages
Jul 21 19:07:47 X0NixOSLaptop sddm-helper[1612]: [PAM] returning.
Jul 21 19:07:47 X0NixOSLaptop sddm[1412]: Authentication for user  "diego"  successful
Jul 21 19:07:47 X0NixOSLaptop sddm-helper[1612]: pam_unix(sddm:session): session opened for user diego(uid=1000) by (uid=0)
Jul 21 19:07:47 X0NixOSLaptop sddm[1412]: Auth: sddm-helper exited successfully
Jul 21 19:07:47 X0NixOSLaptop sddm[1412]: Greeter stopped. SDDM::Auth::HELPER_SUCCESS
Jul 21 19:07:48 X0NixOSLaptop sddm-helper[1612]: Writing cookie to "/tmp/xauth_RcNusw"
Jul 21 19:07:48 X0NixOSLaptop sddm-helper[1612]: Starting X11 session: "" "/nix/store/9r8zy30145qy0wsqpynpwas7pyxqvhrz-xsession-wrapper \"/nix/store/d4vfgilz2xfv1cax8b1g2js055wrfhsb-xsession\""
Jul 21 19:07:48 X0NixOSLaptop sddm[1412]: Session started true
Jul 21 19:07:52 X0NixOSLaptop xserver-wrapper[1415]: (EE) event9  - ASUP1A04:00 093A:300B Touchpad: kernel bug: Touch jump detected and discarded.
Jul 21 19:07:52 X0NixOSLaptop xserver-wrapper[1415]: See https://wayland.freedesktop.org/libinput/doc/1.28.1/touchpad-jumping-cursors.html for details
Jul 21 19:07:55 X0NixOSLaptop xserver-wrapper[1415]: (EE) event9  - ASUP1A04:00 093A:300B Touchpad: kernel bug: Touch jump detected and discarded.
Jul 21 19:07:55 X0NixOSLaptop xserver-wrapper[1415]: See https://wayland.freedesktop.org/libinput/doc/1.28.1/touchpad-jumping-cursors.html for details
Jul 21 19:07:55 X0NixOSLaptop xserver-wrapper[1415]: (EE) event9  - ASUP1A04:00 093A:300B Touchpad: kernel bug: Touch jump detected and discarded.
Jul 21 19:07:55 X0NixOSLaptop xserver-wrapper[1415]: See https://wayland.freedesktop.org/libinput/doc/1.28.1/touchpad-jumping-cursors.html for details
Jul 21 19:07:55 X0NixOSLaptop xserver-wrapper[1415]: (EE) event9  - ASUP1A04:00 093A:300B Touchpad: kernel bug: Touch jump detected and discarded.
Jul 21 19:07:55 X0NixOSLaptop xserver-wrapper[1415]: See https://wayland.freedesktop.org/libinput/doc/1.28.1/touchpad-jumping-cursors.html for details
Jul 21 19:07:56 X0NixOSLaptop xserver-wrapper[1415]: (EE) event9  - ASUP1A04:00 093A:300B Touchpad: kernel bug: Touch jump detected and discarded.
Jul 21 19:07:56 X0NixOSLaptop xserver-wrapper[1415]: See https://wayland.freedesktop.org/libinput/doc/1.28.1/touchpad-jumping-cursors.html for details
Jul 21 19:07:56 X0NixOSLaptop xserver-wrapper[1415]: (EE) event9  - ASUP1A04:00 093A:300B Touchpad: WARNING: log rate limit exceeded (5 msgs per 24h). Discarding future messages.
Jul 21 19:08:45 X0NixOSLaptop xserver-wrapper[1415]: (II) event11 - Video Bus: device removed
Jul 21 19:08:45 X0NixOSLaptop xserver-wrapper[1415]: (II) event10 - Video Bus: device removed
Jul 21 19:08:45 X0NixOSLaptop xserver-wrapper[1415]: (II) event1  - Power Button: device removed
Jul 21 19:08:45 X0NixOSLaptop xserver-wrapper[1415]: (II) event4  - ASUP1A04:00 093A:300B Mouse: device removed
Jul 21 19:08:45 X0NixOSLaptop xserver-wrapper[1415]: (II) event9  - ASUP1A04:00 093A:300B Touchpad: device removed
Jul 21 19:08:46 X0NixOSLaptop xserver-wrapper[1415]: (II) event3  - Asus WMI hotkeys: device removed
Jul 21 19:08:46 X0NixOSLaptop xserver-wrapper[1415]: (II) event0  - AT Translated Set 2 keyboard: device removed
Jul 21 19:08:46 X0NixOSLaptop xserver-wrapper[1415]: (II) AIGLX: Suspending AIGLX clients for VT switch
